PS C:\Users\daggo\Downloads\StudentShowcase (4)> C:\Users\daggo\Downloads\StudentShowcase (4)\StudentShowcase
>> 
C:\Users\daggo\Downloads\StudentShowcase : The term 'C:\Users\daggo\Downloads\StudentShowcase' is not recognized as the name of a cmdlet, 
function, script file, or operable program. Check the spelling of the name, or if a path was included, verify that the path is correct and 
try again.
At line:1 char:1
+ C:\Users\daggo\Downloads\StudentShowcase (4)\StudentShowcase
+ ~~~~~~~~~~~~~~~~~~~~~~~~~~~~~~~~~~~~~~~~
    + CategoryInfo          : ObjectNotFound: (C:\Users\daggo\Downloads\StudentShowcase:String) [], CommandNotFoundException
    + FullyQualifiedErrorId : CommandNotFoundException
 
PS C:\Users\daggo\Downloads\StudentShowcase (4)> .env
>>
.env : The term '.env' is not recognized as the name of a cmdlet, function, script file, or operable program. Check the spelling of the name, 
or if a path was included, verify that the path is correct and try again.
At line:1 char:1
+ .env
+ ~~~~
    + CategoryInfo          : ObjectNotFound: (.env:String) [], CommandNotFoundException
    + FullyQualifiedErrorId : CommandNotFoundException

PS C:\Users\daggo\Downloads\StudentShowcase (4)>  cd "C:\Users\daggo\Downloads\StudentShowcase (4)\StudentShowcase"
PS C:\Users\daggo\Downloads\StudentShowcase (4)\StudentShowcase> .env
.env : The term '.env' is not recognized as the name of a cmdlet, function, script file, or operable program. Check the spelling of the name, 
or if a path was included, verify that the path is correct and try again.
At line:1 char:1
+ .env
+ ~~~~
    + CategoryInfo          : ObjectNotFound: (.env:String) [], CommandNotFoundException
    + FullyQualifiedErrorId : CommandNotFoundException

PS C:\Users\daggo\Downloads\StudentShowcase (4)\StudentShowcase> ni .env
>>


    Directory: C:\Users\daggo\Downloads\StudentShowcase (4)\StudentShowcase


Mode                 LastWriteTime         Length Name
----                 -------------         ------ ----
-a----        29-07-2025     22:10              0 .env


PS C:\Users\daggo\Downloads\StudentShowcase (4)\StudentShowcase> code .env
>>
PS C:\Users\daggo\Downloads\StudentShowcase (4)\StudentShowcase> npm run dev                                                                   
                                     
> dinesh-portfolio@1.0.0 dev
> npx concurrently "cross-env NODE_ENV=development tsx server/index.ts" "vite"

(node:24264) [DEP0060] DeprecationWarning: The `util._extend` API is deprecated. Please use Object.assign() instead.
(Use `node --trace-deprecation ...` to show where the warning was created)
[1] Port 5173 is in use, trying another one...
[1]
[1]   VITE v5.4.19  ready in 579 ms
[1]
[1]   ➜  Local:   http://localhost:5174/
[1]   ➜  Network: use --host to expose
[0] C:\Users\daggo\Downloads\StudentShowcase (4)\StudentShowcase\server\db.ts:9
[0]   throw new Error(
[0]         ^
[0]
[0]
[0] Error: DATABASE_URL must be set. Did you forget to provision a database?
[0]     at <anonymous> (C:\Users\daggo\Downloads\StudentShowcase (4)\StudentShowcase\server\db.ts:9:9)
[0]     at ModuleJob.run (node:internal/modules/esm/module_job:329:25)
[0]     at async onImport.tracePromise.__proto__ (node:internal/modules/esm/loader:644:26)
[0]     at async asyncRunEntryPointWithESMLoader (node:internal/modules/run_main:117:5)
[0]
[0] Node.js v22.17.1
[0] cross-env NODE_ENV=development tsx server/index.ts exited with code 1
[1] Browserslist: browsers data (caniuse-lite) is 9 months old. Please run:
[1]   npx update-browserslist-db@latest
[1]   Why you should do it regularly: https://github.com/browserslist/update-db#readme